[2026-08-05 11:41:41] [INFO] Script started. Mode: Cleanup
[2026-08-05 11:41:41] [INFO] Cleanup started. Cutoff datetime: 8/5/2026 11:41:41 AM
[2026-08-05 11:41:41] [INFO] Target paths: C:\Users\labuser\AppData\Local\Temp; C:\Windows\Temp
[2026-08-05 11:41:41] [INFO] Scanning path: C:\Users\labuser\AppData\Local\Temp
[2026-08-05 11:41:41] [INFO] Archived: C:\Users\labuser\AppData\Local\Temp\MicrosoftEdgeUpdate.log -> C:\ProgramData\DWP\TempCleanup\Quarantine\b7633f31-9f8d-4f58-bf56-44796d97ce2d\C_\Users\labuser\AppData\Local\Temp\MicrosoftEdgeUpdate.log
[2026-08-05 11:41:41] [INFO] Archived: C:\Users\labuser\AppData\Local\Temp\2\.ses -> C:\ProgramData\DWP\TempCleanup\Quarantine\b7633f31-9f8d-4f58-bf56-44796d97ce2d\C_\Users\labuser\AppData\Local\Temp\2\.ses
[2026-08-05 11:41:41] [INFO] Archived: C:\Users\labuser\AppData\Local\Temp\2\3a21eb51-8493-4977-915c-a4badd86a6d3.tmp -> C:\ProgramData\DWP\TempCleanup\Quarantine\b7633f31-9f8d-4f58-bf56-44796d97ce2d\C_\Users\labuser\AppData\Local\Temp\2\3a21eb51-8493-4977-915c-a4badd86a6d3.tmp
[2026-08-05 11:41:41] [INFO] Archived: C:\Users\labuser\AppData\Local\Temp\2\911c47b4-ba8a-4ee3-9b3d-7f35266a56a4.tmp -> C:\ProgramData\DWP\TempCleanup\Quarantine\b7633f31-9f8d-4f58-bf56-44796d97ce2d\C_\Users\labuser\AppData\Local\Temp\2\911c47b4-ba8a-4ee3-9b3d-7f35266a56a4.tmp
[2026-08-05 11:41:41] [INFO] Archived: C:\Users\labuser\AppData\Local\Temp\2\cv_debug.log -> C:\ProgramData\DWP\TempCleanup\Quarantine\b7633f31-9f8d-4f58-bf56-44796d97ce2d\C_\Users\labuser\AppData\Local\Temp\2\cv_debug.log
[2026-08-05 11:41:41] [INFO] Archived: C:\Users\labuser\AppData\Local\Temp\2\d6807f39-4405-4479-8dbb-322051e0b592.tmp -> C:\ProgramData\DWP\TempCleanup\Quarantine\b7633f31-9f8d-4f58-bf56-44796d97ce2d\C_\Users\labuser\AppData\Local\Temp\2\d6807f39-4405-4479-8dbb-322051e0b592.tmp
[2026-08-05 11:41:41] [INFO] Archived: C:\Users\labuser\AppData\Local\Temp\2\d7926bb7-2832-4e2d-abba-6586ca79aaad.tmp -> C:\ProgramData\DWP\TempCleanup\Quarantine\b7633f31-9f8d-4f58-bf56-44796d97ce2d\C_\Users\labuser\AppData\Local\Temp\2\d7926bb7-2832-4e2d-abba-6586ca79aaad.tmp
[2026-08-05 11:41:41] [WARN] Locked file skipped: C:\Users\labuser\AppData\Local\Temp\2\e99c2131-d284-4e59-a774-c73001322100.tmp
[2026-08-05 11:41:41] [INFO] Archived: C:\Users\labuser\AppData\Local\Temp\2\gen_py\3.9\dicts.dat -> C:\ProgramData\DWP\TempCleanup\Quarantine\b7633f31-9f8d-4f58-bf56-44796d97ce2d\C_\Users\labuser\AppData\Local\Temp\2\gen_py\3.9\dicts.dat
[2026-08-05 11:41:41] [INFO] Archived: C:\Users\labuser\AppData\Local\Temp\2\gen_py\3.9\__init__.py -> C:\ProgramData\DWP\TempCleanup\Quarantine\b7633f31-9f8d-4f58-bf56-44796d97ce2d\C_\Users\labuser\AppData\Local\Temp\2\gen_py\3.9\__init__.py
[2026-08-05 11:41:41] [INFO] Archived: C:\Users\labuser\AppData\Local\Temp\2\vscode-stable-system-x64\CodeSetup-stable-df53daabb18cd157bdb08c7f01c34df936cf12f4.exe -> C:\ProgramData\DWP\TempCleanup\Quarantine\b7633f31-9f8d-4f58-bf56-44796d97ce2d\C_\Users\labuser\AppData\Local\Temp\2\vscode-stable-system-x64\CodeSetup-stable-df53daabb18cd157bdb08c7f01c34df936cf12f4.exe
[2026-08-05 11:41:41] [INFO] Archived: C:\Users\labuser\AppData\Local\Temp\2\vscode-stable-system-x64\update-metadata.json -> C:\ProgramData\DWP\TempCleanup\Quarantine\b7633f31-9f8d-4f58-bf56-44796d97ce2d\C_\Users\labuser\AppData\Local\Temp\2\vscode-stable-system-x64\update-metadata.json
[2026-08-05 11:41:41] [INFO] Archived: C:\Users\labuser\AppData\Local\Temp\D137C3EB-600B-4845-A381-D8A24290F83B\AppxProvider.dll -> C:\ProgramData\DWP\TempCleanup\Quarantine\b7633f31-9f8d-4f58-bf56-44796d97ce2d\C_\Users\labuser\AppData\Local\Temp\D137C3EB-600B-4845-A381-D8A24290F83B\AppxProvider.dll
[2026-08-05 11:41:41] [INFO] Archived: C:\Users\labuser\AppData\Local\Temp\D137C3EB-600B-4845-A381-D8A24290F83B\AssocProvider.dll -> C:\ProgramData\DWP\TempCleanup\Quarantine\b7633f31-9f8d-4f58-bf56-44796d97ce2d\C_\Users\labuser\AppData\Local\Temp\D137C3EB-600B-4845-A381-D8A24290F83B\AssocProvider.dll
[2026-08-05 11:41:41] [INFO] Archived: C:\Users\labuser\AppData\Local\Temp\D137C3EB-600B-4845-A381-D8A24290F83B\CbsProvider.dll -> C:\ProgramData\DWP\TempCleanup\Quarantine\b7633f31-9f8d-4f58-bf56-44796d97ce2d\C_\Users\labuser\AppData\Local\Temp\D137C3EB-600B-4845-A381-D8A24290F83B\CbsProvider.dll
[2026-08-05 11:41:41] [INFO] Archived: C:\Users\labuser\AppData\Local\Temp\D137C3EB-600B-4845-A381-D8A24290F83B\DismCore.dll -> C:\ProgramData\DWP\TempCleanup\Quarantine\b7633f31-9f8d-4f58-bf56-44796d97ce2d\C_\Users\labuser\AppData\Local\Temp\D137C3EB-600B-4845-A381-D8A24290F83B\DismCore.dll
[2026-08-05 11:41:41] [INFO] Archived: C:\Users\labuser\AppData\Local\Temp\D137C3EB-600B-4845-A381-D8A24290F83B\DismCorePS.dll -> C:\ProgramData\DWP\TempCleanup\Quarantine\b7633f31-9f8d-4f58-bf56-44796d97ce2d\C_\Users\labuser\AppData\Local\Temp\D137C3EB-600B-4845-A381-D8A24290F83B\DismCorePS.dll
[2026-08-05 11:41:41] [INFO] Archived: C:\Users\labuser\AppData\Local\Temp\D137C3EB-600B-4845-A381-D8A24290F83B\DismHost.exe -> C:\ProgramData\DWP\TempCleanup\Quarantine\b7633f31-9f8d-4f58-bf56-44796d97ce2d\C_\Users\labuser\AppData\Local\Temp\D137C3EB-600B-4845-A381-D8A24290F83B\DismHost.exe
[2026-08-05 11:41:41] [INFO] Archived: C:\Users\labuser\AppData\Local\Temp\D137C3EB-600B-4845-A381-D8A24290F83B\DismProv.dll -> C:\ProgramData\DWP\TempCleanup\Quarantine\b7633f31-9f8d-4f58-bf56-44796d97ce2d\C_\Users\labuser\AppData\Local\Temp\D137C3EB-600B-4845-A381-D8A24290F83B\DismProv.dll
[2026-08-05 11:41:41] [INFO] Archived: C:\Users\labuser\AppData\Local\Temp\D137C3EB-600B-4845-A381-D8A24290F83B\DmiProvider.dll -> C:\ProgramData\DWP\TempCleanup\Quarantine\b7633f31-9f8d-4f58-bf56-44796d97ce2d\C_\Users\labuser\AppData\Local\Temp\D137C3EB-600B-4845-A381-D8A24290F83B\DmiProvider.dll
[2026-08-05 11:41:41] [INFO] Archived: C:\Users\labuser\AppData\Local\Temp\D137C3EB-600B-4845-A381-D8A24290F83B\EdgeProvider.dll -> C:\ProgramData\DWP\TempCleanup\Quarantine\b7633f31-9f8d-4f58-bf56-44796d97ce2d\C_\Users\labuser\AppData\Local\Temp\D137C3EB-600B-4845-A381-D8A24290F83B\EdgeProvider.dll
[2026-08-05 11:41:41] [INFO] Archived: C:\Users\labuser\AppData\Local\Temp\D137C3EB-600B-4845-A381-D8A24290F83B\FfuProvider.dll -> C:\ProgramData\DWP\TempCleanup\Quarantine\b7633f31-9f8d-4f58-bf56-44796d97ce2d\C_\Users\labuser\AppData\Local\Temp\D137C3EB-600B-4845-A381-D8A24290F83B\FfuProvider.dll
[2026-08-05 11:41:41] [INFO] Archived: C:\Users\labuser\AppData\Local\Temp\D137C3EB-600B-4845-A381-D8A24290F83B\FolderProvider.dll -> C:\ProgramData\DWP\TempCleanup\Quarantine\b7633f31-9f8d-4f58-bf56-44796d97ce2d\C_\Users\labuser\AppData\Local\Temp\D137C3EB-600B-4845-A381-D8A24290F83B\FolderProvider.dll
[2026-08-05 11:41:41] [INFO] Archived: C:\Users\labuser\AppData\Local\Temp\D137C3EB-600B-4845-A381-D8A24290F83B\GenericProvider.dll -> C:\ProgramData\DWP\TempCleanup\Quarantine\b7633f31-9f8d-4f58-bf56-44796d97ce2d\C_\Users\labuser\AppData\Local\Temp\D137C3EB-600B-4845-A381-D8A24290F83B\GenericProvider.dll
[2026-08-05 11:41:41] [INFO] Archived: C:\Users\labuser\AppData\Local\Temp\D137C3EB-600B-4845-A381-D8A24290F83B\IBSProvider.dll -> C:\ProgramData\DWP\TempCleanup\Quarantine\b7633f31-9f8d-4f58-bf56-44796d97ce2d\C_\Users\labuser\AppData\Local\Temp\D137C3EB-600B-4845-A381-D8A24290F83B\IBSProvider.dll
[2026-08-05 11:41:41] [INFO] Archived: C:\Users\labuser\AppData\Local\Temp\D137C3EB-600B-4845-A381-D8A24290F83B\ImagingProvider.dll -> C:\ProgramData\DWP\TempCleanup\Quarantine\b7633f31-9f8d-4f58-bf56-44796d97ce2d\C_\Users\labuser\AppData\Local\Temp\D137C3EB-600B-4845-A381-D8A24290F83B\ImagingProvider.dll
[2026-08-05 11:41:41] [INFO] Archived: C:\Users\labuser\AppData\Local\Temp\D137C3EB-600B-4845-A381-D8A24290F83B\IntlProvider.dll -> C:\ProgramData\DWP\TempCleanup\Quarantine\b7633f31-9f8d-4f58-bf56-44796d97ce2d\C_\Users\labuser\AppData\Local\Temp\D137C3EB-600B-4845-A381-D8A24290F83B\IntlProvider.dll
[2026-08-05 11:41:41] [INFO] Archived: C:\Users\labuser\AppData\Local\Temp\D137C3EB-600B-4845-A381-D8A24290F83B\LogProvider.dll -> C:\ProgramData\DWP\TempCleanup\Quarantine\b7633f31-9f8d-4f58-bf56-44796d97ce2d\C_\Users\labuser\AppData\Local\Temp\D137C3EB-600B-4845-A381-D8A24290F83B\LogProvider.dll
[2026-08-05 11:41:41] [INFO] Archived: C:\Users\labuser\AppData\Local\Temp\D137C3EB-600B-4845-A381-D8A24290F83B\MsiProvider.dll -> C:\ProgramData\DWP\TempCleanup\Quarantine\b7633f31-9f8d-4f58-bf56-44796d97ce2d\C_\Users\labuser\AppData\Local\Temp\D137C3EB-600B-4845-A381-D8A24290F83B\MsiProvider.dll
[2026-08-05 11:41:41] [INFO] Archived: C:\Users\labuser\AppData\Local\Temp\D137C3EB-600B-4845-A381-D8A24290F83B\OfflineSetupProvider.dll -> C:\ProgramData\DWP\TempCleanup\Quarantine\b7633f31-9f8d-4f58-bf56-44796d97ce2d\C_\Users\labuser\AppData\Local\Temp\D137C3EB-600B-4845-A381-D8A24290F83B\OfflineSetupProvider.dll
[2026-08-05 11:41:41] [INFO] Archived: C:\Users\labuser\AppData\Local\Temp\D137C3EB-600B-4845-A381-D8A24290F83B\OSProvider.dll -> C:\ProgramData\DWP\TempCleanup\Quarantine\b7633f31-9f8d-4f58-bf56-44796d97ce2d\C_\Users\labuser\AppData\Local\Temp\D137C3EB-600B-4845-A381-D8A24290F83B\OSProvider.dll
[2026-08-05 11:41:41] [INFO] Archived: C:\Users\labuser\AppData\Local\Temp\D137C3EB-600B-4845-A381-D8A24290F83B\ProvProvider.dll -> C:\ProgramData\DWP\TempCleanup\Quarantine\b7633f31-9f8d-4f58-bf56-44796d97ce2d\C_\Users\labuser\AppData\Local\Temp\D137C3EB-600B-4845-A381-D8A24290F83B\ProvProvider.dll
[2026-08-05 11:41:41] [INFO] Archived: C:\Users\labuser\AppData\Local\Temp\D137C3EB-600B-4845-A381-D8A24290F83B\ServicingCommon.dll -> C:\ProgramData\DWP\TempCleanup\Quarantine\b7633f31-9f8d-4f58-bf56-44796d97ce2d\C_\Users\labuser\AppData\Local\Temp\D137C3EB-600B-4845-A381-D8A24290F83B\ServicingCommon.dll
[2026-08-05 11:41:41] [INFO] Archived: C:\Users\labuser\AppData\Local\Temp\D137C3EB-600B-4845-A381-D8A24290F83B\SetupPlatformProvider.dll -> C:\ProgramData\DWP\TempCleanup\Quarantine\b7633f31-9f8d-4f58-bf56-44796d97ce2d\C_\Users\labuser\AppData\Local\Temp\D137C3EB-600B-4845-A381-D8A24290F83B\SetupPlatformProvider.dll
[2026-08-05 11:41:41] [INFO] Archived: C:\Users\labuser\AppData\Local\Temp\D137C3EB-600B-4845-A381-D8A24290F83B\SmiProvider.dll -> C:\ProgramData\DWP\TempCleanup\Quarantine\b7633f31-9f8d-4f58-bf56-44796d97ce2d\C_\Users\labuser\AppData\Local\Temp\D137C3EB-600B-4845-A381-D8A24290F83B\SmiProvider.dll
[2026-08-05 11:41:41] [INFO] Archived: C:\Users\labuser\AppData\Local\Temp\D137C3EB-600B-4845-A381-D8A24290F83B\SysprepProvider.dll -> C:\ProgramData\DWP\TempCleanup\Quarantine\b7633f31-9f8d-4f58-bf56-44796d97ce2d\C_\Users\labuser\AppData\Local\Temp\D137C3EB-600B-4845-A381-D8A24290F83B\SysprepProvider.dll
[2026-08-05 11:41:41] [INFO] Archived: C:\Users\labuser\AppData\Local\Temp\D137C3EB-600B-4845-A381-D8A24290F83B\TransmogProvider.dll -> C:\ProgramData\DWP\TempCleanup\Quarantine\b7633f31-9f8d-4f58-bf56-44796d97ce2d\C_\Users\labuser\AppData\Local\Temp\D137C3EB-600B-4845-A381-D8A24290F83B\TransmogProvider.dll
[2026-08-05 11:41:41] [INFO] Archived: C:\Users\labuser\AppData\Local\Temp\D137C3EB-600B-4845-A381-D8A24290F83B\UnattendProvider.dll -> C:\ProgramData\DWP\TempCleanup\Quarantine\b7633f31-9f8d-4f58-bf56-44796d97ce2d\C_\Users\labuser\AppData\Local\Temp\D137C3EB-600B-4845-A381-D8A24290F83B\UnattendProvider.dll
[2026-08-05 11:41:41] [INFO] Archived: C:\Users\labuser\AppData\Local\Temp\D137C3EB-600B-4845-A381-D8A24290F83B\VhdProvider.dll -> C:\ProgramData\DWP\TempCleanup\Quarantine\b7633f31-9f8d-4f58-bf56-44796d97ce2d\C_\Users\labuser\AppData\Local\Temp\D137C3EB-600B-4845-A381-D8A24290F83B\VhdProvider.dll
[2026-08-05 11:41:41] [INFO] Archived: C:\Users\labuser\AppData\Local\Temp\D137C3EB-600B-4845-A381-D8A24290F83B\WimProvider.dll -> C:\ProgramData\DWP\TempCleanup\Quarantine\b7633f31-9f8d-4f58-bf56-44796d97ce2d\C_\Users\labuser\AppData\Local\Temp\D137C3EB-600B-4845-A381-D8A24290F83B\WimProvider.dll
[2026-08-05 11:41:41] [INFO] Archived: C:\Users\labuser\AppData\Local\Temp\D137C3EB-600B-4845-A381-D8A24290F83B\en-US\AppxProvider.dll.mui -> C:\ProgramData\DWP\TempCleanup\Quarantine\b7633f31-9f8d-4f58-bf56-44796d97ce2d\C_\Users\labuser\AppData\Local\Temp\D137C3EB-600B-4845-A381-D8A24290F83B\en-US\AppxProvider.dll.mui
[2026-08-05 11:41:41] [INFO] Archived: C:\Users\labuser\AppData\Local\Temp\D137C3EB-600B-4845-A381-D8A24290F83B\en-US\AssocProvider.dll.mui -> C:\ProgramData\DWP\TempCleanup\Quarantine\b7633f31-9f8d-4f58-bf56-44796d97ce2d\C_\Users\labuser\AppData\Local\Temp\D137C3EB-600B-4845-A381-D8A24290F83B\en-US\AssocProvider.dll.mui
[2026-08-05 11:41:41] [INFO] Archived: C:\Users\labuser\AppData\Local\Temp\D137C3EB-600B-4845-A381-D8A24290F83B\en-US\CbsProvider.dll.mui -> C:\ProgramData\DWP\TempCleanup\Quarantine\b7633f31-9f8d-4f58-bf56-44796d97ce2d\C_\Users\labuser\AppData\Local\Temp\D137C3EB-600B-4845-A381-D8A24290F83B\en-US\CbsProvider.dll.mui
[2026-08-05 11:41:41] [INFO] Archived: C:\Users\labuser\AppData\Local\Temp\D137C3EB-600B-4845-A381-D8A24290F83B\en-US\DismCore.dll.mui -> C:\ProgramData\DWP\TempCleanup\Quarantine\b7633f31-9f8d-4f58-bf56-44796d97ce2d\C_\Users\labuser\AppData\Local\Temp\D137C3EB-600B-4845-A381-D8A24290F83B\en-US\DismCore.dll.mui
[2026-08-05 11:41:41] [INFO] Archived: C:\Users\labuser\AppData\Local\Temp\D137C3EB-600B-4845-A381-D8A24290F83B\en-US\DismProv.dll.mui -> C:\ProgramData\DWP\TempCleanup\Quarantine\b7633f31-9f8d-4f58-bf56-44796d97ce2d\C_\Users\labuser\AppData\Local\Temp\D137C3EB-600B-4845-A381-D8A24290F83B\en-US\DismProv.dll.mui
[2026-08-05 11:41:41] [INFO] Archived: C:\Users\labuser\AppData\Local\Temp\D137C3EB-600B-4845-A381-D8A24290F83B\en-US\DmiProvider.dll.mui -> C:\ProgramData\DWP\TempCleanup\Quarantine\b7633f31-9f8d-4f58-bf56-44796d97ce2d\C_\Users\labuser\AppData\Local\Temp\D137C3EB-600B-4845-A381-D8A24290F83B\en-US\DmiProvider.dll.mui
[2026-08-05 11:41:41] [INFO] Archived: C:\Users\labuser\AppData\Local\Temp\D137C3EB-600B-4845-A381-D8A24290F83B\en-US\EdgeProvider.dll.mui -> C:\ProgramData\DWP\TempCleanup\Quarantine\b7633f31-9f8d-4f58-bf56-44796d97ce2d\C_\Users\labuser\AppData\Local\Temp\D137C3EB-600B-4845-A381-D8A24290F83B\en-US\EdgeProvider.dll.mui
[2026-08-05 11:41:41] [INFO] Archived: C:\Users\labuser\AppData\Local\Temp\D137C3EB-600B-4845-A381-D8A24290F83B\en-US\FfuProvider.dll.mui -> C:\ProgramData\DWP\TempCleanup\Quarantine\b7633f31-9f8d-4f58-bf56-44796d97ce2d\C_\Users\labuser\AppData\Local\Temp\D137C3EB-600B-4845-A381-D8A24290F83B\en-US\FfuProvider.dll.mui
[2026-08-05 11:41:41] [INFO] Archived: C:\Users\labuser\AppData\Local\Temp\D137C3EB-600B-4845-A381-D8A24290F83B\en-US\FolderProvider.dll.mui -> C:\ProgramData\DWP\TempCleanup\Quarantine\b7633f31-9f8d-4f58-bf56-44796d97ce2d\C_\Users\labuser\AppData\Local\Temp\D137C3EB-600B-4845-A381-D8A24290F83B\en-US\FolderProvider.dll.mui
[2026-08-05 11:41:41] [INFO] Archived: C:\Users\labuser\AppData\Local\Temp\D137C3EB-600B-4845-A381-D8A24290F83B\en-US\GenericProvider.dll.mui -> C:\ProgramData\DWP\TempCleanup\Quarantine\b7633f31-9f8d-4f58-bf56-44796d97ce2d\C_\Users\labuser\AppData\Local\Temp\D137C3EB-600B-4845-A381-D8A24290F83B\en-US\GenericProvider.dll.mui
[2026-08-05 11:41:41] [INFO] Archived: C:\Users\labuser\AppData\Local\Temp\D137C3EB-600B-4845-A381-D8A24290F83B\en-US\IBSProvider.dll.mui -> C:\ProgramData\DWP\TempCleanup\Quarantine\b7633f31-9f8d-4f58-bf56-44796d97ce2d\C_\Users\labuser\AppData\Local\Temp\D137C3EB-600B-4845-A381-D8A24290F83B\en-US\IBSProvider.dll.mui
[2026-08-05 11:41:41] [INFO] Archived: C:\Users\labuser\AppData\Local\Temp\D137C3EB-600B-4845-A381-D8A24290F83B\en-US\ImagingProvider.dll.mui -> C:\ProgramData\DWP\TempCleanup\Quarantine\b7633f31-9f8d-4f58-bf56-44796d97ce2d\C_\Users\labuser\AppData\Local\Temp\D137C3EB-600B-4845-A381-D8A24290F83B\en-US\ImagingProvider.dll.mui
[2026-08-05 11:41:41] [INFO] Archived: C:\Users\labuser\AppData\Local\Temp\D137C3EB-600B-4845-A381-D8A24290F83B\en-US\IntlProvider.dll.mui -> C:\ProgramData\DWP\TempCleanup\Quarantine\b7633f31-9f8d-4f58-bf56-44796d97ce2d\C_\Users\labuser\AppData\Local\Temp\D137C3EB-600B-4845-A381-D8A24290F83B\en-US\IntlProvider.dll.mui
[2026-08-05 11:41:41] [INFO] Archived: C:\Users\labuser\AppData\Local\Temp\D137C3EB-600B-4845-A381-D8A24290F83B\en-US\LogProvider.dll.mui -> C:\ProgramData\DWP\TempCleanup\Quarantine\b7633f31-9f8d-4f58-bf56-44796d97ce2d\C_\Users\labuser\AppData\Local\Temp\D137C3EB-600B-4845-A381-D8A24290F83B\en-US\LogProvider.dll.mui
[2026-08-05 11:41:41] [INFO] Archived: C:\Users\labuser\AppData\Local\Temp\D137C3EB-600B-4845-A381-D8A24290F83B\en-US\MsiProvider.dll.mui -> C:\ProgramData\DWP\TempCleanup\Quarantine\b7633f31-9f8d-4f58-bf56-44796d97ce2d\C_\Users\labuser\AppData\Local\Temp\D137C3EB-600B-4845-A381-D8A24290F83B\en-US\MsiProvider.dll.mui
[2026-08-05 11:41:41] [INFO] Archived: C:\Users\labuser\AppData\Local\Temp\D137C3EB-600B-4845-A381-D8A24290F83B\en-US\OfflineSetupProvider.dll.mui -> C:\ProgramData\DWP\TempCleanup\Quarantine\b7633f31-9f8d-4f58-bf56-44796d97ce2d\C_\Users\labuser\AppData\Local\Temp\D137C3EB-600B-4845-A381-D8A24290F83B\en-US\OfflineSetupProvider.dll.mui
[2026-08-05 11:41:41] [INFO] Archived: C:\Users\labuser\AppData\Local\Temp\D137C3EB-600B-4845-A381-D8A24290F83B\en-US\OSProvider.dll.mui -> C:\ProgramData\DWP\TempCleanup\Quarantine\b7633f31-9f8d-4f58-bf56-44796d97ce2d\C_\Users\labuser\AppData\Local\Temp\D137C3EB-600B-4845-A381-D8A24290F83B\en-US\OSProvider.dll.mui
[2026-08-05 11:41:41] [INFO] Archived: C:\Users\labuser\AppData\Local\Temp\D137C3EB-600B-4845-A381-D8A24290F83B\en-US\ProvProvider.dll.mui -> C:\ProgramData\DWP\TempCleanup\Quarantine\b7633f31-9f8d-4f58-bf56-44796d97ce2d\C_\Users\labuser\AppData\Local\Temp\D137C3EB-600B-4845-A381-D8A24290F83B\en-US\ProvProvider.dll.mui
[2026-08-05 11:41:41] [INFO] Archived: C:\Users\labuser\AppData\Local\Temp\D137C3EB-600B-4845-A381-D8A24290F83B\en-US\SetupPlatformProvider.dll.mui -> C:\ProgramData\DWP\TempCleanup\Quarantine\b7633f31-9f8d-4f58-bf56-44796d97ce2d\C_\Users\labuser\AppData\Local\Temp\D137C3EB-600B-4845-A381-D8A24290F83B\en-US\SetupPlatformProvider.dll.mui
[2026-08-05 11:41:41] [INFO] Archived: C:\Users\labuser\AppData\Local\Temp\D137C3EB-600B-4845-A381-D8A24290F83B\en-US\SmiProvider.dll.mui -> C:\ProgramData\DWP\TempCleanup\Quarantine\b7633f31-9f8d-4f58-bf56-44796d97ce2d\C_\Users\labuser\AppData\Local\Temp\D137C3EB-600B-4845-A381-D8A24290F83B\en-US\SmiProvider.dll.mui
[2026-08-05 11:41:41] [INFO] Archived: C:\Users\labuser\AppData\Local\Temp\D137C3EB-600B-4845-A381-D8A24290F83B\en-US\SysprepProvider.dll.mui -> C:\ProgramData\DWP\TempCleanup\Quarantine\b7633f31-9f8d-4f58-bf56-44796d97ce2d\C_\Users\labuser\AppData\Local\Temp\D137C3EB-600B-4845-A381-D8A24290F83B\en-US\SysprepProvider.dll.mui
[2026-08-05 11:41:41] [INFO] Archived: C:\Users\labuser\AppData\Local\Temp\D137C3EB-600B-4845-A381-D8A24290F83B\en-US\TransmogProvider.dll.mui -> C:\ProgramData\DWP\TempCleanup\Quarantine\b7633f31-9f8d-4f58-bf56-44796d97ce2d\C_\Users\labuser\AppData\Local\Temp\D137C3EB-600B-4845-A381-D8A24290F83B\en-US\TransmogProvider.dll.mui
[2026-08-05 11:41:41] [INFO] Archived: C:\Users\labuser\AppData\Local\Temp\D137C3EB-600B-4845-A381-D8A24290F83B\en-US\UnattendProvider.dll.mui -> C:\ProgramData\DWP\TempCleanup\Quarantine\b7633f31-9f8d-4f58-bf56-44796d97ce2d\C_\Users\labuser\AppData\Local\Temp\D137C3EB-600B-4845-A381-D8A24290F83B\en-US\UnattendProvider.dll.mui
[2026-08-05 11:41:41] [INFO] Archived: C:\Users\labuser\AppData\Local\Temp\D137C3EB-600B-4845-A381-D8A24290F83B\en-US\VhdProvider.dll.mui -> C:\ProgramData\DWP\TempCleanup\Quarantine\b7633f31-9f8d-4f58-bf56-44796d97ce2d\C_\Users\labuser\AppData\Local\Temp\D137C3EB-600B-4845-A381-D8A24290F83B\en-US\VhdProvider.dll.mui
[2026-08-05 11:41:41] [INFO] Archived: C:\Users\labuser\AppData\Local\Temp\D137C3EB-600B-4845-A381-D8A24290F83B\en-US\WimProvider.dll.mui -> C:\ProgramData\DWP\TempCleanup\Quarantine\b7633f31-9f8d-4f58-bf56-44796d97ce2d\C_\Users\labuser\AppData\Local\Temp\D137C3EB-600B-4845-A381-D8A24290F83B\en-US\WimProvider.dll.mui
[2026-08-05 11:41:41] [INFO] Scanning path: C:\Windows\Temp
[2026-08-05 11:41:41] [INFO] Archived: C:\Windows\Temp\bb3a785178f443fda931098a5a9a306b.db.ses -> C:\ProgramData\DWP\TempCleanup\Quarantine\b7633f31-9f8d-4f58-bf56-44796d97ce2d\C_\Windows\Temp\bb3a785178f443fda931098a5a9a306b.db.ses
[2026-08-05 11:41:41] [INFO] Archived: C:\Windows\Temp\MpCmdRun.log -> C:\ProgramData\DWP\TempCleanup\Quarantine\b7633f31-9f8d-4f58-bf56-44796d97ce2d\C_\Windows\Temp\MpCmdRun.log
[2026-08-05 11:41:41] [INFO] Archived: C:\Windows\Temp\MpSigStub.log -> C:\ProgramData\DWP\TempCleanup\Quarantine\b7633f31-9f8d-4f58-bf56-44796d97ce2d\C_\Windows\Temp\MpSigStub.log
[2026-08-05 11:41:41] [INFO] Archived: C:\Windows\Temp\silconfig.log -> C:\ProgramData\DWP\TempCleanup\Quarantine\b7633f31-9f8d-4f58-bf56-44796d97ce2d\C_\Windows\Temp\silconfig.log
[2026-08-05 11:41:41] [INFO] Archived: C:\Windows\Temp\_env.cmd -> C:\ProgramData\DWP\TempCleanup\Quarantine\b7633f31-9f8d-4f58-bf56-44796d97ce2d\C_\Windows\Temp\_env.cmd
[2026-08-05 11:41:41] [INFO] Archived: C:\Windows\Temp\chocolatey\activitywatch\0.13.2\activitywatch-v0.13.2-windows-x86_64.zip -> C:\ProgramData\DWP\TempCleanup\Quarantine\b7633f31-9f8d-4f58-bf56-44796d97ce2d\C_\Windows\Temp\chocolatey\activitywatch\0.13.2\activitywatch-v0.13.2-windows-x86_64.zip
[2026-08-05 11:41:41] [INFO] Archived: C:\Windows\Temp\chocolatey\chocoInstall\chocolatey.nuspec -> C:\ProgramData\DWP\TempCleanup\Quarantine\b7633f31-9f8d-4f58-bf56-44796d97ce2d\C_\Windows\Temp\chocolatey\chocoInstall\chocolatey.nuspec
[2026-08-05 11:41:41] [INFO] Archived: C:\Windows\Temp\chocolatey\chocoInstall\chocolatey.zip -> C:\ProgramData\DWP\TempCleanup\Quarantine\b7633f31-9f8d-4f58-bf56-44796d97ce2d\C_\Windows\Temp\chocolatey\chocoInstall\chocolatey.zip
[2026-08-05 11:41:41] [INFO] Archived: C:\Windows\Temp\chocolatey\chocoInstall\[Content_Types].xml -> C:\ProgramData\DWP\TempCleanup\Quarantine\b7633f31-9f8d-4f58-bf56-44796d97ce2d\C_\Windows\Temp\chocolatey\chocoInstall\[Content_Types].xml
[2026-08-05 11:41:41] [INFO] Archived: C:\Windows\Temp\chocolatey\chocoInstall\package\services\metadata\core-properties\5ad4dc75cc79452d8e7e738cb4a3286e.psmdcp -> C:\ProgramData\DWP\TempCleanup\Quarantine\b7633f31-9f8d-4f58-bf56-44796d97ce2d\C_\Windows\Temp\chocolatey\chocoInstall\package\services\metadata\core-properties\5ad4dc75cc79452d8e7e738cb4a3286e.psmdcp
[2026-08-05 11:41:41] [INFO] Archived: C:\Windows\Temp\chocolatey\chocoInstall\tools\chocolateyInstall.ps1 -> C:\ProgramData\DWP\TempCleanup\Quarantine\b7633f31-9f8d-4f58-bf56-44796d97ce2d\C_\Windows\Temp\chocolatey\chocoInstall\tools\chocolateyInstall.ps1
[2026-08-05 11:41:41] [INFO] Archived: C:\Windows\Temp\chocolatey\chocoInstall\tools\chocolateysetup.psm1 -> C:\ProgramData\DWP\TempCleanup\Quarantine\b7633f31-9f8d-4f58-bf56-44796d97ce2d\C_\Windows\Temp\chocolatey\chocoInstall\tools\chocolateysetup.psm1
[2026-08-05 11:41:41] [INFO] Archived: C:\Windows\Temp\chocolatey\chocoInstall\tools\init.ps1 -> C:\ProgramData\DWP\TempCleanup\Quarantine\b7633f31-9f8d-4f58-bf56-44796d97ce2d\C_\Windows\Temp\chocolatey\chocoInstall\tools\init.ps1
[2026-08-05 11:41:41] [INFO] Archived: C:\Windows\Temp\chocolatey\chocoInstall\tools\VERIFICATION.txt -> C:\ProgramData\DWP\TempCleanup\Quarantine\b7633f31-9f8d-4f58-bf56-44796d97ce2d\C_\Windows\Temp\chocolatey\chocoInstall\tools\VERIFICATION.txt
[2026-08-05 11:41:41] [INFO] Archived: C:\Windows\Temp\chocolatey\chocoInstall\tools\chocolateyInstall\choco.exe -> C:\ProgramData\DWP\TempCleanup\Quarantine\b7633f31-9f8d-4f58-bf56-44796d97ce2d\C_\Windows\Temp\chocolatey\chocoInstall\tools\chocolateyInstall\choco.exe
[2026-08-05 11:41:41] [INFO] Archived: C:\Windows\Temp\chocolatey\chocoInstall\tools\chocolateyInstall\choco.exe.ignore -> C:\ProgramData\DWP\TempCleanup\Quarantine\b7633f31-9f8d-4f58-bf56-44796d97ce2d\C_\Windows\Temp\chocolatey\chocoInstall\tools\chocolateyInstall\choco.exe.ignore
[2026-08-05 11:41:41] [INFO] Archived: C:\Windows\Temp\chocolatey\chocoInstall\tools\chocolateyInstall\choco.exe.manifest -> C:\ProgramData\DWP\TempCleanup\Quarantine\b7633f31-9f8d-4f58-bf56-44796d97ce2d\C_\Windows\Temp\chocolatey\chocoInstall\tools\chocolateyInstall\choco.exe.manifest
[2026-08-05 11:41:41] [INFO] Archived: C:\Windows\Temp\chocolatey\chocoInstall\tools\chocolateyInstall\CREDITS.txt -> C:\ProgramData\DWP\TempCleanup\Quarantine\b7633f31-9f8d-4f58-bf56-44796d97ce2d\C_\Windows\Temp\chocolatey\chocoInstall\tools\chocolateyInstall\CREDITS.txt
[2026-08-05 11:41:41] [INFO] Archived: C:\Windows\Temp\chocolatey\chocoInstall\tools\chocolateyInstall\LICENSE.txt -> C:\ProgramData\DWP\TempCleanup\Quarantine\b7633f31-9f8d-4f58-bf56-44796d97ce2d\C_\Windows\Temp\chocolatey\chocoInstall\tools\chocolateyInstall\LICENSE.txt
[2026-08-05 11:41:41] [INFO] Archived: C:\Windows\Temp\chocolatey\chocoInstall\tools\chocolateyInstall\helpers\chocolateyInstaller.psm1 -> C:\ProgramData\DWP\TempCleanup\Quarantine\b7633f31-9f8d-4f58-bf56-44796d97ce2d\C_\Windows\Temp\chocolatey\chocoInstall\tools\chocolateyInstall\helpers\chocolateyInstaller.psm1
[2026-08-05 11:41:41] [INFO] Archived: C:\Windows\Temp\chocolatey\chocoInstall\tools\chocolateyInstall\helpers\chocolateyProfile.psm1 -> C:\ProgramData\DWP\TempCleanup\Quarantine\b7633f31-9f8d-4f58-bf56-44796d97ce2d\C_\Windows\Temp\chocolatey\chocoInstall\tools\chocolateyInstall\helpers\chocolateyProfile.psm1
[2026-08-05 11:41:41] [INFO] Archived: C:\Windows\Temp\chocolatey\chocoInstall\tools\chocolateyInstall\helpers\chocolateyScriptRunner.ps1 -> C:\ProgramData\DWP\TempCleanup\Quarantine\b7633f31-9f8d-4f58-bf56-44796d97ce2d\C_\Windows\Temp\chocolatey\chocoInstall\tools\chocolateyInstall\helpers\chocolateyScriptRunner.ps1
[2026-08-05 11:41:41] [INFO] Archived: C:\Windows\Temp\chocolatey\chocoInstall\tools\chocolateyInstall\helpers\ChocolateyTabExpansion.ps1 -> C:\ProgramData\DWP\TempCleanup\Quarantine\b7633f31-9f8d-4f58-bf56-44796d97ce2d\C_\Windows\Temp\chocolatey\chocoInstall\tools\chocolateyInstall\helpers\ChocolateyTabExpansion.ps1
[2026-08-05 11:41:41] [INFO] Archived: C:\Windows\Temp\chocolatey\chocoInstall\tools\chocolateyInstall\helpers\functions\Format-FileSize.ps1 -> C:\ProgramData\DWP\TempCleanup\Quarantine\b7633f31-9f8d-4f58-bf56-44796d97ce2d\C_\Windows\Temp\chocolatey\chocoInstall\tools\chocolateyInstall\helpers\functions\Format-FileSize.ps1
[2026-08-05 11:41:41] [INFO] Archived: C:\Windows\Temp\chocolatey\chocoInstall\tools\chocolateyInstall\helpers\functions\Get-CheckSumValid.ps1 -> C:\ProgramData\DWP\TempCleanup\Quarantine\b7633f31-9f8d-4f58-bf56-44796d97ce2d\C_\Windows\Temp\chocolatey\chocoInstall\tools\chocolateyInstall\helpers\functions\Get-CheckSumValid.ps1
[2026-08-05 11:41:41] [INFO] Archived: C:\Windows\Temp\chocolatey\chocoInstall\tools\chocolateyInstall\helpers\functions\Get-ChocolateyPath.ps1 -> C:\ProgramData\DWP\TempCleanup\Quarantine\b7633f31-9f8d-4f58-bf56-44796d97ce2d\C_\Windows\Temp\chocolatey\chocoInstall\tools\chocolateyInstall\helpers\functions\Get-ChocolateyPath.ps1
[2026-08-05 11:41:41] [INFO] Archived: C:\Windows\Temp\chocolatey\chocoInstall\tools\chocolateyInstall\helpers\functions\Get-ChocolateyUnzip.ps1 -> C:\ProgramData\DWP\TempCleanup\Quarantine\b7633f31-9f8d-4f58-bf56-44796d97ce2d\C_\Windows\Temp\chocolatey\chocoInstall\tools\chocolateyInstall\helpers\functions\Get-ChocolateyUnzip.ps1
[2026-08-05 11:41:41] [INFO] Archived: C:\Windows\Temp\chocolatey\chocoInstall\tools\chocolateyInstall\helpers\functions\Get-ChocolateyWebFile.ps1 -> C:\ProgramData\DWP\TempCleanup\Quarantine\b7633f31-9f8d-4f58-bf56-44796d97ce2d\C_\Windows\Temp\chocolatey\chocoInstall\tools\chocolateyInstall\helpers\functions\Get-ChocolateyWebFile.ps1
[2026-08-05 11:41:41] [INFO] Archived: C:\Windows\Temp\chocolatey\chocoInstall\tools\chocolateyInstall\helpers\functions\Get-EnvironmentVariable.ps1 -> C:\ProgramData\DWP\TempCleanup\Quarantine\b7633f31-9f8d-4f58-bf56-44796d97ce2d\C_\Windows\Temp\chocolatey\chocoInstall\tools\chocolateyInstall\helpers\functions\Get-EnvironmentVariable.ps1
[2026-08-05 11:41:41] [INFO] Archived: C:\Windows\Temp\chocolatey\chocoInstall\tools\chocolateyInstall\helpers\functions\Get-EnvironmentVariableNames.ps1 -> C:\ProgramData\DWP\TempCleanup\Quarantine\b7633f31-9f8d-4f58-bf56-44796d97ce2d\C_\Windows\Temp\chocolatey\chocoInstall\tools\chocolateyInstall\helpers\functions\Get-EnvironmentVariableNames.ps1
[2026-08-05 11:41:41] [INFO] Archived: C:\Windows\Temp\chocolatey\chocoInstall\tools\chocolateyInstall\helpers\functions\Get-FtpFile.ps1 -> C:\ProgramData\DWP\TempCleanup\Quarantine\b7633f31-9f8d-4f58-bf56-44796d97ce2d\C_\Windows\Temp\chocolatey\chocoInstall\tools\chocolateyInstall\helpers\functions\Get-FtpFile.ps1
[2026-08-05 11:41:41] [INFO] Archived: C:\Windows\Temp\chocolatey\chocoInstall\tools\chocolateyInstall\helpers\functions\Get-OSArchitectureWidth.ps1 -> C:\ProgramData\DWP\TempCleanup\Quarantine\b7633f31-9f8d-4f58-bf56-44796d97ce2d\C_\Windows\Temp\chocolatey\chocoInstall\tools\chocolateyInstall\helpers\functions\Get-OSArchitectureWidth.ps1
[2026-08-05 11:41:41] [INFO] Archived: C:\Windows\Temp\chocolatey\chocoInstall\tools\chocolateyInstall\helpers\functions\Get-PackageParameters.ps1 -> C:\ProgramData\DWP\TempCleanup\Quarantine\b7633f31-9f8d-4f58-bf56-44796d97ce2d\C_\Windows\Temp\chocolatey\chocoInstall\tools\chocolateyInstall\helpers\functions\Get-PackageParameters.ps1
[2026-08-05 11:41:41] [INFO] Archived: C:\Windows\Temp\chocolatey\chocoInstall\tools\chocolateyInstall\helpers\functions\Get-ToolsLocation.ps1 -> C:\ProgramData\DWP\TempCleanup\Quarantine\b7633f31-9f8d-4f58-bf56-44796d97ce2d\C_\Windows\Temp\chocolatey\chocoInstall\tools\chocolateyInstall\helpers\functions\Get-ToolsLocation.ps1
[2026-08-05 11:41:41] [INFO] Archived: C:\Windows\Temp\chocolatey\chocoInstall\tools\chocolateyInstall\helpers\functions\Get-UACEnabled.ps1 -> C:\ProgramData\DWP\TempCleanup\Quarantine\b7633f31-9f8d-4f58-bf56-44796d97ce2d\C_\Windows\Temp\chocolatey\chocoInstall\tools\chocolateyInstall\helpers\functions\Get-UACEnabled.ps1
[2026-08-05 11:41:41] [INFO] Archived: C:\Windows\Temp\chocolatey\chocoInstall\tools\chocolateyInstall\helpers\functions\Get-UninstallRegistryKey.ps1 -> C:\ProgramData\DWP\TempCleanup\Quarantine\b7633f31-9f8d-4f58-bf56-44796d97ce2d\C_\Windows\Temp\chocolatey\chocoInstall\tools\chocolateyInstall\helpers\functions\Get-UninstallRegistryKey.ps1
[2026-08-05 11:41:41] [INFO] Archived: C:\Windows\Temp\chocolatey\chocoInstall\tools\chocolateyInstall\helpers\functions\Get-VirusCheckValid.ps1 -> C:\ProgramData\DWP\TempCleanup\Quarantine\b7633f31-9f8d-4f58-bf56-44796d97ce2d\C_\Windows\Temp\chocolatey\chocoInstall\tools\chocolateyInstall\helpers\functions\Get-VirusCheckValid.ps1
[2026-08-05 11:41:41] [INFO] Archived: C:\Windows\Temp\chocolatey\chocoInstall\tools\chocolateyInstall\helpers\functions\Get-WebFile.ps1 -> C:\ProgramData\DWP\TempCleanup\Quarantine\b7633f31-9f8d-4f58-bf56-44796d97ce2d\C_\Windows\Temp\chocolatey\chocoInstall\tools\chocolateyInstall\helpers\functions\Get-WebFile.ps1
[2026-08-05 11:41:41] [INFO] Archived: C:\Windows\Temp\chocolatey\chocoInstall\tools\chocolateyInstall\helpers\functions\Get-WebFileName.ps1 -> C:\ProgramData\DWP\TempCleanup\Quarantine\b7633f31-9f8d-4f58-bf56-44796d97ce2d\C_\Windows\Temp\chocolatey\chocoInstall\tools\chocolateyInstall\helpers\functions\Get-WebFileName.ps1
[2026-08-05 11:41:41] [INFO] Archived: C:\Windows\Temp\chocolatey\chocoInstall\tools\chocolateyInstall\helpers\functions\Get-WebHeaders.ps1 -> C:\ProgramData\DWP\TempCleanup\Quarantine\b7633f31-9f8d-4f58-bf56-44796d97ce2d\C_\Windows\Temp\chocolatey\chocoInstall\tools\chocolateyInstall\helpers\functions\Get-WebHeaders.ps1
[2026-08-05 11:41:41] [INFO] Archived: C:\Windows\Temp\chocolatey\chocoInstall\tools\chocolateyInstall\helpers\functions\Install-BinFile.ps1 -> C:\ProgramData\DWP\TempCleanup\Quarantine\b7633f31-9f8d-4f58-bf56-44796d97ce2d\C_\Windows\Temp\chocolatey\chocoInstall\tools\chocolateyInstall\helpers\functions\Install-BinFile.ps1
[2026-08-05 11:41:41] [INFO] Archived: C:\Windows\Temp\chocolatey\chocoInstall\tools\chocolateyInstall\helpers\functions\Install-ChocolateyEnvironmentVariable.ps1 -> C:\ProgramData\DWP\TempCleanup\Quarantine\b7633f31-9f8d-4f58-bf56-44796d97ce2d\C_\Windows\Temp\chocolatey\chocoInstall\tools\chocolateyInstall\helpers\functions\Install-ChocolateyEnvironmentVariable.ps1
[2026-08-05 11:41:41] [INFO] Archived: C:\Windows\Temp\chocolatey\chocoInstall\tools\chocolateyInstall\helpers\functions\Install-ChocolateyExplorerMenuItem.ps1 -> C:\ProgramData\DWP\TempCleanup\Quarantine\b7633f31-9f8d-4f58-bf56-44796d97ce2d\C_\Windows\Temp\chocolatey\chocoInstall\tools\chocolateyInstall\helpers\functions\Install-ChocolateyExplorerMenuItem.ps1
[2026-08-05 11:41:41] [INFO] Archived: C:\Windows\Temp\chocolatey\chocoInstall\tools\chocolateyInstall\helpers\functions\Install-ChocolateyFileAssociation.ps1 -> C:\ProgramData\DWP\TempCleanup\Quarantine\b7633f31-9f8d-4f58-bf56-44796d97ce2d\C_\Windows\Temp\chocolatey\chocoInstall\tools\chocolateyInstall\helpers\functions\Install-ChocolateyFileAssociation.ps1
[2026-08-05 11:41:41] [INFO] Archived: C:\Windows\Temp\chocolatey\chocoInstall\tools\chocolateyInstall\helpers\functions\Install-ChocolateyInstallPackage.ps1 -> C:\ProgramData\DWP\TempCleanup\Quarantine\b7633f31-9f8d-4f58-bf56-44796d97ce2d\C_\Windows\Temp\chocolatey\chocoInstall\tools\chocolateyInstall\helpers\functions\Install-ChocolateyInstallPackage.ps1
[2026-08-05 11:41:41] [INFO] Archived: C:\Windows\Temp\chocolatey\chocoInstall\tools\chocolateyInstall\helpers\functions\Install-ChocolateyPackage.ps1 -> C:\ProgramData\DWP\TempCleanup\Quarantine\b7633f31-9f8d-4f58-bf56-44796d97ce2d\C_\Windows\Temp\chocolatey\chocoInstall\tools\chocolateyInstall\helpers\functions\Install-ChocolateyPackage.ps1
[2026-08-05 11:41:41] [INFO] Archived: C:\Windows\Temp\chocolatey\chocoInstall\tools\chocolateyInstall\helpers\functions\Install-ChocolateyPath.ps1 -> C:\ProgramData\DWP\TempCleanup\Quarantine\b7633f31-9f8d-4f58-bf56-44796d97ce2d\C_\Windows\Temp\chocolatey\chocoInstall\tools\chocolateyInstall\helpers\functions\Install-ChocolateyPath.ps1
[2026-08-05 11:41:41] [INFO] Archived: C:\Windows\Temp\chocolatey\chocoInstall\tools\chocolateyInstall\helpers\functions\Install-ChocolateyPinnedTaskBarItem.ps1 -> C:\ProgramData\DWP\TempCleanup\Quarantine\b7633f31-9f8d-4f58-bf56-44796d97ce2d\C_\Windows\Temp\chocolatey\chocoInstall\tools\chocolateyInstall\helpers\functions\Install-ChocolateyPinnedTaskBarItem.ps1
[2026-08-05 11:41:41] [INFO] Archived: C:\Windows\Temp\chocolatey\chocoInstall\tools\chocolateyInstall\helpers\functions\Install-ChocolateyPowershellCommand.ps1 -> C:\ProgramData\DWP\TempCleanup\Quarantine\b7633f31-9f8d-4f58-bf56-44796d97ce2d\C_\Windows\Temp\chocolatey\chocoInstall\tools\chocolateyInstall\helpers\functions\Install-ChocolateyPowershellCommand.ps1
[2026-08-05 11:41:41] [INFO] Archived: C:\Windows\Temp\chocolatey\chocoInstall\tools\chocolateyInstall\helpers\functions\Install-ChocolateyShortcut.ps1 -> C:\ProgramData\DWP\TempCleanup\Quarantine\b7633f31-9f8d-4f58-bf56-44796d97ce2d\C_\Windows\Temp\chocolatey\chocoInstall\tools\chocolateyInstall\helpers\functions\Install-ChocolateyShortcut.ps1
[2026-08-05 11:41:41] [INFO] Archived: C:\Windows\Temp\chocolatey\chocoInstall\tools\chocolateyInstall\helpers\functions\Install-ChocolateyVsixPackage.ps1 -> C:\ProgramData\DWP\TempCleanup\Quarantine\b7633f31-9f8d-4f58-bf56-44796d97ce2d\C_\Windows\Temp\chocolatey\chocoInstall\tools\chocolateyInstall\helpers\functions\Install-ChocolateyVsixPackage.ps1
[2026-08-05 11:41:41] [INFO] Archived: C:\Windows\Temp\chocolatey\chocoInstall\tools\chocolateyInstall\helpers\functions\Install-ChocolateyZipPackage.ps1 -> C:\ProgramData\DWP\TempCleanup\Quarantine\b7633f31-9f8d-4f58-bf56-44796d97ce2d\C_\Windows\Temp\chocolatey\chocoInstall\tools\chocolateyInstall\helpers\functions\Install-ChocolateyZipPackage.ps1
[2026-08-05 11:41:41] [INFO] Archived: C:\Windows\Temp\chocolatey\chocoInstall\tools\chocolateyInstall\helpers\functions\Install-Vsix.ps1 -> C:\ProgramData\DWP\TempCleanup\Quarantine\b7633f31-9f8d-4f58-bf56-44796d97ce2d\C_\Windows\Temp\chocolatey\chocoInstall\tools\chocolateyInstall\helpers\functions\Install-Vsix.ps1
[2026-08-05 11:41:41] [INFO] Archived: C:\Windows\Temp\chocolatey\chocoInstall\tools\chocolateyInstall\helpers\functions\Set-EnvironmentVariable.ps1 -> C:\ProgramData\DWP\TempCleanup\Quarantine\b7633f31-9f8d-4f58-bf56-44796d97ce2d\C_\Windows\Temp\chocolatey\chocoInstall\tools\chocolateyInstall\helpers\functions\Set-EnvironmentVariable.ps1
[2026-08-05 11:41:41] [INFO] Archived: C:\Windows\Temp\chocolatey\chocoInstall\tools\chocolateyInstall\helpers\functions\Set-PowerShellExitCode.ps1 -> C:\ProgramData\DWP\TempCleanup\Quarantine\b7633f31-9f8d-4f58-bf56-44796d97ce2d\C_\Windows\Temp\chocolatey\chocoInstall\tools\chocolateyInstall\helpers\functions\Set-PowerShellExitCode.ps1
[2026-08-05 11:41:41] [INFO] Archived: C:\Windows\Temp\chocolatey\chocoInstall\tools\chocolateyInstall\helpers\functions\Start-ChocolateyProcessAsAdmin.ps1 -> C:\ProgramData\DWP\TempCleanup\Quarantine\b7633f31-9f8d-4f58-bf56-44796d97ce2d\C_\Windows\Temp\chocolatey\chocoInstall\tools\chocolateyInstall\helpers\functions\Start-ChocolateyProcessAsAdmin.ps1
[2026-08-05 11:41:41] [INFO] Archived: C:\Windows\Temp\chocolatey\chocoInstall\tools\chocolateyInstall\helpers\functions\Test-ProcessAdminRights.ps1 -> C:\ProgramData\DWP\TempCleanup\Quarantine\b7633f31-9f8d-4f58-bf56-44796d97ce2d\C_\Windows\Temp\chocolatey\chocoInstall\tools\chocolateyInstall\helpers\functions\Test-ProcessAdminRights.ps1
[2026-08-05 11:41:41] [INFO] Archived: C:\Windows\Temp\chocolatey\chocoInstall\tools\chocolateyInstall\helpers\functions\Uninstall-BinFile.ps1 -> C:\ProgramData\DWP\TempCleanup\Quarantine\b7633f31-9f8d-4f58-bf56-44796d97ce2d\C_\Windows\Temp\chocolatey\chocoInstall\tools\chocolateyInstall\helpers\functions\Uninstall-BinFile.ps1
[2026-08-05 11:41:41] [INFO] Archived: C:\Windows\Temp\chocolatey\chocoInstall\tools\chocolateyInstall\helpers\functions\Uninstall-ChocolateyEnvironmentVariable.ps1 -> C:\ProgramData\DWP\TempCleanup\Quarantine\b7633f31-9f8d-4f58-bf56-44796d97ce2d\C_\Windows\Temp\chocolatey\chocoInstall\tools\chocolateyInstall\helpers\functions\Uninstall-ChocolateyEnvironmentVariable.ps1
[2026-08-05 11:41:41] [INFO] Archived: C:\Windows\Temp\chocolatey\chocoInstall\tools\chocolateyInstall\helpers\functions\Uninstall-ChocolateyPackage.ps1 -> C:\ProgramData\DWP\TempCleanup\Quarantine\b7633f31-9f8d-4f58-bf56-44796d97ce2d\C_\Windows\Temp\chocolatey\chocoInstall\tools\chocolateyInstall\helpers\functions\Uninstall-ChocolateyPackage.ps1
[2026-08-05 11:41:41] [INFO] Archived: C:\Windows\Temp\chocolatey\chocoInstall\tools\chocolateyInstall\helpers\functions\UnInstall-ChocolateyZipPackage.ps1 -> C:\ProgramData\DWP\TempCleanup\Quarantine\b7633f31-9f8d-4f58-bf56-44796d97ce2d\C_\Windows\Temp\chocolatey\chocoInstall\tools\chocolateyInstall\helpers\functions\UnInstall-ChocolateyZipPackage.ps1
[2026-08-05 11:41:42] [INFO] Archived: C:\Windows\Temp\chocolatey\chocoInstall\tools\chocolateyInstall\helpers\functions\Update-SessionEnvironment.ps1 -> C:\ProgramData\DWP\TempCleanup\Quarantine\b7633f31-9f8d-4f58-bf56-44796d97ce2d\C_\Windows\Temp\chocolatey\chocoInstall\tools\chocolateyInstall\helpers\functions\Update-SessionEnvironment.ps1
[2026-08-05 11:41:42] [INFO] Archived: C:\Windows\Temp\chocolatey\chocoInstall\tools\chocolateyInstall\helpers\functions\Write-FunctionCallLogMessage.ps1 -> C:\ProgramData\DWP\TempCleanup\Quarantine\b7633f31-9f8d-4f58-bf56-44796d97ce2d\C_\Windows\Temp\chocolatey\chocoInstall\tools\chocolateyInstall\helpers\functions\Write-FunctionCallLogMessage.ps1
[2026-08-05 11:41:42] [INFO] Archived: C:\Windows\Temp\chocolatey\chocoInstall\tools\chocolateyInstall\redirects\choco.exe -> C:\ProgramData\DWP\TempCleanup\Quarantine\b7633f31-9f8d-4f58-bf56-44796d97ce2d\C_\Windows\Temp\chocolatey\chocoInstall\tools\chocolateyInstall\redirects\choco.exe
[2026-08-05 11:41:42] [INFO] Archived: C:\Windows\Temp\chocolatey\chocoInstall\tools\chocolateyInstall\redirects\choco.exe.ignore -> C:\ProgramData\DWP\TempCleanup\Quarantine\b7633f31-9f8d-4f58-bf56-44796d97ce2d\C_\Windows\Temp\chocolatey\chocoInstall\tools\chocolateyInstall\redirects\choco.exe.ignore
[2026-08-05 11:41:42] [INFO] Archived: C:\Windows\Temp\chocolatey\chocoInstall\tools\chocolateyInstall\redirects\chocolatey.exe -> C:\ProgramData\DWP\TempCleanup\Quarantine\b7633f31-9f8d-4f58-bf56-44796d97ce2d\C_\Windows\Temp\chocolatey\chocoInstall\tools\chocolateyInstall\redirects\chocolatey.exe
[2026-08-05 11:41:42] [INFO] Archived: C:\Windows\Temp\chocolatey\chocoInstall\tools\chocolateyInstall\redirects\chocolatey.exe.ignore -> C:\ProgramData\DWP\TempCleanup\Quarantine\b7633f31-9f8d-4f58-bf56-44796d97ce2d\C_\Windows\Temp\chocolatey\chocoInstall\tools\chocolateyInstall\redirects\chocolatey.exe.ignore
[2026-08-05 11:41:42] [INFO] Archived: C:\Windows\Temp\chocolatey\chocoInstall\tools\chocolateyInstall\redirects\cinst.exe -> C:\ProgramData\DWP\TempCleanup\Quarantine\b7633f31-9f8d-4f58-bf56-44796d97ce2d\C_\Windows\Temp\chocolatey\chocoInstall\tools\chocolateyInstall\redirects\cinst.exe
[2026-08-05 11:41:42] [INFO] Archived: C:\Windows\Temp\chocolatey\chocoInstall\tools\chocolateyInstall\redirects\cinst.exe.ignore -> C:\ProgramData\DWP\TempCleanup\Quarantine\b7633f31-9f8d-4f58-bf56-44796d97ce2d\C_\Windows\Temp\chocolatey\chocoInstall\tools\chocolateyInstall\redirects\cinst.exe.ignore
[2026-08-05 11:41:42] [INFO] Archived: C:\Windows\Temp\chocolatey\chocoInstall\tools\chocolateyInstall\redirects\clist.exe -> C:\ProgramData\DWP\TempCleanup\Quarantine\b7633f31-9f8d-4f58-bf56-44796d97ce2d\C_\Windows\Temp\chocolatey\chocoInstall\tools\chocolateyInstall\redirects\clist.exe
[2026-08-05 11:41:42] [INFO] Archived: C:\Windows\Temp\chocolatey\chocoInstall\tools\chocolateyInstall\redirects\clist.exe.ignore -> C:\ProgramData\DWP\TempCleanup\Quarantine\b7633f31-9f8d-4f58-bf56-44796d97ce2d\C_\Windows\Temp\chocolatey\chocoInstall\tools\chocolateyInstall\redirects\clist.exe.ignore
[2026-08-05 11:41:42] [INFO] Archived: C:\Windows\Temp\chocolatey\chocoInstall\tools\chocolateyInstall\redirects\cpush.exe -> C:\ProgramData\DWP\TempCleanup\Quarantine\b7633f31-9f8d-4f58-bf56-44796d97ce2d\C_\Windows\Temp\chocolatey\chocoInstall\tools\chocolateyInstall\redirects\cpush.exe
[2026-08-05 11:41:42] [INFO] Archived: C:\Windows\Temp\chocolatey\chocoInstall\tools\chocolateyInstall\redirects\cpush.exe.ignore -> C:\ProgramData\DWP\TempCleanup\Quarantine\b7633f31-9f8d-4f58-bf56-44796d97ce2d\C_\Windows\Temp\chocolatey\chocoInstall\tools\chocolateyInstall\redirects\cpush.exe.ignore
[2026-08-05 11:41:42] [INFO] Archived: C:\Windows\Temp\chocolatey\chocoInstall\tools\chocolateyInstall\redirects\cuninst.exe -> C:\ProgramData\DWP\TempCleanup\Quarantine\b7633f31-9f8d-4f58-bf56-44796d97ce2d\C_\Windows\Temp\chocolatey\chocoInstall\tools\chocolateyInstall\redirects\cuninst.exe
[2026-08-05 11:41:42] [INFO] Archived: C:\Windows\Temp\chocolatey\chocoInstall\tools\chocolateyInstall\redirects\cuninst.exe.ignore -> C:\ProgramData\DWP\TempCleanup\Quarantine\b7633f31-9f8d-4f58-bf56-44796d97ce2d\C_\Windows\Temp\chocolatey\chocoInstall\tools\chocolateyInstall\redirects\cuninst.exe.ignore
[2026-08-05 11:41:42] [INFO] Archived: C:\Windows\Temp\chocolatey\chocoInstall\tools\chocolateyInstall\redirects\cup.exe -> C:\ProgramData\DWP\TempCleanup\Quarantine\b7633f31-9f8d-4f58-bf56-44796d97ce2d\C_\Windows\Temp\chocolatey\chocoInstall\tools\chocolateyInstall\redirects\cup.exe
[2026-08-05 11:41:42] [INFO] Archived: C:\Windows\Temp\chocolatey\chocoInstall\tools\chocolateyInstall\redirects\cup.exe.ignore -> C:\ProgramData\DWP\TempCleanup\Quarantine\b7633f31-9f8d-4f58-bf56-44796d97ce2d\C_\Windows\Temp\chocolatey\chocoInstall\tools\chocolateyInstall\redirects\cup.exe.ignore
[2026-08-05 11:41:42] [INFO] Archived: C:\Windows\Temp\chocolatey\chocoInstall\tools\chocolateyInstall\redirects\RefreshEnv.cmd -> C:\ProgramData\DWP\TempCleanup\Quarantine\b7633f31-9f8d-4f58-bf56-44796d97ce2d\C_\Windows\Temp\chocolatey\chocoInstall\tools\chocolateyInstall\redirects\RefreshEnv.cmd
[2026-08-05 11:41:42] [INFO] Archived: C:\Windows\Temp\chocolatey\chocoInstall\tools\chocolateyInstall\tools\7z.dll -> C:\ProgramData\DWP\TempCleanup\Quarantine\b7633f31-9f8d-4f58-bf56-44796d97ce2d\C_\Windows\Temp\chocolatey\chocoInstall\tools\chocolateyInstall\tools\7z.dll
[2026-08-05 11:41:42] [INFO] Archived: C:\Windows\Temp\chocolatey\chocoInstall\tools\chocolateyInstall\tools\7z.dll.manifest -> C:\ProgramData\DWP\TempCleanup\Quarantine\b7633f31-9f8d-4f58-bf56-44796d97ce2d\C_\Windows\Temp\chocolatey\chocoInstall\tools\chocolateyInstall\tools\7z.dll.manifest
[2026-08-05 11:41:42] [INFO] Archived: C:\Windows\Temp\chocolatey\chocoInstall\tools\chocolateyInstall\tools\7z.exe -> C:\ProgramData\DWP\TempCleanup\Quarantine\b7633f31-9f8d-4f58-bf56-44796d97ce2d\C_\Windows\Temp\chocolatey\chocoInstall\tools\chocolateyInstall\tools\7z.exe
[2026-08-05 11:41:42] [INFO] Archived: C:\Windows\Temp\chocolatey\chocoInstall\tools\chocolateyInstall\tools\7z.exe.ignore -> C:\ProgramData\DWP\TempCleanup\Quarantine\b7633f31-9f8d-4f58-bf56-44796d97ce2d\C_\Windows\Temp\chocolatey\chocoInstall\tools\chocolateyInstall\tools\7z.exe.ignore
[2026-08-05 11:41:42] [INFO] Archived: C:\Windows\Temp\chocolatey\chocoInstall\tools\chocolateyInstall\tools\7z.exe.manifest -> C:\ProgramData\DWP\TempCleanup\Quarantine\b7633f31-9f8d-4f58-bf56-44796d97ce2d\C_\Windows\Temp\chocolatey\chocoInstall\tools\chocolateyInstall\tools\7z.exe.manifest
[2026-08-05 11:41:42] [INFO] Archived: C:\Windows\Temp\chocolatey\chocoInstall\tools\chocolateyInstall\tools\7zip.license.txt -> C:\ProgramData\DWP\TempCleanup\Quarantine\b7633f31-9f8d-4f58-bf56-44796d97ce2d\C_\Windows\Temp\chocolatey\chocoInstall\tools\chocolateyInstall\tools\7zip.license.txt
[2026-08-05 11:41:42] [INFO] Archived: C:\Windows\Temp\chocolatey\chocoInstall\tools\chocolateyInstall\tools\checksum.exe -> C:\ProgramData\DWP\TempCleanup\Quarantine\b7633f31-9f8d-4f58-bf56-44796d97ce2d\C_\Windows\Temp\chocolatey\chocoInstall\tools\chocolateyInstall\tools\checksum.exe
[2026-08-05 11:41:42] [INFO] Archived: C:\Windows\Temp\chocolatey\chocoInstall\tools\chocolateyInstall\tools\checksum.exe.config -> C:\ProgramData\DWP\TempCleanup\Quarantine\b7633f31-9f8d-4f58-bf56-44796d97ce2d\C_\Windows\Temp\chocolatey\chocoInstall\tools\chocolateyInstall\tools\checksum.exe.config
[2026-08-05 11:41:42] [INFO] Archived: C:\Windows\Temp\chocolatey\chocoInstall\tools\chocolateyInstall\tools\checksum.exe.ignore -> C:\ProgramData\DWP\TempCleanup\Quarantine\b7633f31-9f8d-4f58-bf56-44796d97ce2d\C_\Windows\Temp\chocolatey\chocoInstall\tools\chocolateyInstall\tools\checksum.exe.ignore
[2026-08-05 11:41:42] [INFO] Archived: C:\Windows\Temp\chocolatey\chocoInstall\tools\chocolateyInstall\tools\checksum.license.txt -> C:\ProgramData\DWP\TempCleanup\Quarantine\b7633f31-9f8d-4f58-bf56-44796d97ce2d\C_\Windows\Temp\chocolatey\chocoInstall\tools\chocolateyInstall\tools\checksum.license.txt
[2026-08-05 11:41:42] [INFO] Archived: C:\Windows\Temp\chocolatey\chocoInstall\tools\chocolateyInstall\tools\shimgen.exe -> C:\ProgramData\DWP\TempCleanup\Quarantine\b7633f31-9f8d-4f58-bf56-44796d97ce2d\C_\Windows\Temp\chocolatey\chocoInstall\tools\chocolateyInstall\tools\shimgen.exe
[2026-08-05 11:41:42] [INFO] Archived: C:\Windows\Temp\chocolatey\chocoInstall\tools\chocolateyInstall\tools\shimgen.exe.ignore -> C:\ProgramData\DWP\TempCleanup\Quarantine\b7633f31-9f8d-4f58-bf56-44796d97ce2d\C_\Windows\Temp\chocolatey\chocoInstall\tools\chocolateyInstall\tools\shimgen.exe.ignore
[2026-08-05 11:41:42] [INFO] Archived: C:\Windows\Temp\chocolatey\chocoInstall\tools\chocolateyInstall\tools\shimgen.license.txt -> C:\ProgramData\DWP\TempCleanup\Quarantine\b7633f31-9f8d-4f58-bf56-44796d97ce2d\C_\Windows\Temp\chocolatey\chocoInstall\tools\chocolateyInstall\tools\shimgen.license.txt
[2026-08-05 11:41:42] [INFO] Archived: C:\Windows\Temp\chocolatey\chocoInstall\_rels\.rels -> C:\ProgramData\DWP\TempCleanup\Quarantine\b7633f31-9f8d-4f58-bf56-44796d97ce2d\C_\Windows\Temp\chocolatey\chocoInstall\_rels\.rels
[2026-08-05 11:41:42] [INFO] Archived: C:\Windows\Temp\chocolatey\vscode.install\1.131.0\install.log -> C:\ProgramData\DWP\TempCleanup\Quarantine\b7633f31-9f8d-4f58-bf56-44796d97ce2d\C_\Windows\Temp\chocolatey\vscode.install\1.131.0\install.log
[2026-08-05 11:41:42] [INFO] Archived: C:\Windows\Temp\chocolatey\vscode.install\1.131.0\VSCodeSetup-x64-1.131.0.exe -> C:\ProgramData\DWP\TempCleanup\Quarantine\b7633f31-9f8d-4f58-bf56-44796d97ce2d\C_\Windows\Temp\chocolatey\vscode.install\1.131.0\VSCodeSetup-x64-1.131.0.exe
[2026-08-05 11:41:42] [INFO] Manifest saved: C:\ProgramData\DWP\TempCleanup\Quarantine\b7633f31-9f8d-4f58-bf56-44796d97ce2d\manifest.csv
Mode: Cleanup
DryRun: False
OlderThanDays: 0
ScannedFiles: 159
EligibleFiles: 159
ArchivedFiles: 158
RestoredFiles: 0
SkippedLocked: 1
SkippedMissing: 0
SkippedExisting: 0
Errors: 0
StartTime: 8/5/2026 11:41:41 AM
EndTime: 8/5/2026 11:41:42 AM
DurationSeconds: 1.26
LogFile: C:\Users\labuser\Documents\Training\Day 3\Logs\DWP_TempFile_Cleanup_20260805_114141.log
ManifestPath: C:\ProgramData\DWP\TempCleanup\Quarantine\b7633f31-9f8d-4f58-bf56-44796d97ce2d\manifest.csv
